// Jest Snapshot v1, https://goo.gl/fbAQLP

exports[`<SearchPage /> tests must show with default values 1`] = `
<div>
  <h1>
     Search 
  </h1>
  <hr />
  <div
    class="row"
  >
    <div
      class="col-5"
    >
      <h4>
        Searching
      </h4>
      <hr />
      <form
        aria-label="form"
      >
        <input
          autocomplete="off"
          class="form-control"
          name="searchText"
          placeholder="search a hero"
          type="text"
          value=""
        />
        <button
          class="btn btn-dark mt-3 mb-3"
        >
           Search
        </button>
      </form>
    </div>
    <div
      class="col-7"
    >
      <h4>
        Results
      </h4>
      <hr />
      <div
        class="alert alert-primary"
      >
        Search a Hero
      </div>
    </div>
  </div>
</div>
`;
